p dnf 8 0
-1 5 0
-1 -6 0
-1 8 0
1 -3 0
1 -5 0
1 6 0
1 7 0
1 -8 0
-2 0
-3 5 0
-3 -6 0
-3 -7 0
-3 8 0
3 7 0
4 0
-5 -6 0
-5 8 0
5 6 0
5 7 0
5 -8 0
-6 7 0
-6 -8 0
6 8 0
7 8 0
