p dnf 20 0
-1 -3 -5 -6 -7 -8 -9 -11 -13 -14 -15 -16 -17 -18 -19 -20 0
