p dnf 20 0
-1 -2 -3 -5 -7 -8 -9 -11 -13 -14 -15 -16 -17 -19 -20 0
