p dnf 20 0
-3 -4 -6 -7 -9 -10 -11 -12 -13 -14 -15 -17 -18 -19 -20 0
