p dnf 20 0
-1 -2 -3 -6 -7 -8 -9 -11 -12 -13 -15 -17 -18 -19 -20 0
