p dnf 20 0
-1 -2 -3 -4 -6 -10 -11 -12 -13 -14 -15 -16 -17 -18 -20 0
