p dnf 20 0
-1 -2 -4 -6 -7 -8 -10 -11 -12 -13 -14 -15 -16 -19 -20 0
