p dnf 20 0
-2 -3 -4 -5 -6 -8 -9 -10 -11 -12 -13 -15 -16 -18 -19 -20 0
