p dnf 20 0
-1 -2 -4 -5 -6 -8 -9 -10 -11 -12 -13 -15 -16 -17 -19 -20 0
