p dnf 20 0
-1 -3 -4 -5 -7 -8 -9 -10 -12 -13 -15 -16 -17 -18 -19 0
