p dnf 8 0
-1 0
-2 5 0
-2 6 0
-2 7 0
-2 -8 0
2 -6 0
3 0
4 0
-5 7 0
-5 -8 0
5 -6 0
5 -7 0
5 8 0
-6 7 0
-6 -8 0
-7 -8 0
7 8 0
