p dnf 20 0
-1 -2 -4 -5 -7 -8 -9 -10 -11 -13 -14 -16 -17 -18 -19 -20 0
