p dnf 20 0
-1 -2 -3 -4 -5 -6 -8 -9 -10 -11 -12 -14 -15 -17 -20 0
