p dnf 8 0
-1 -2 0
-1 4 0
-1 -5 0
-1 8 0
1 2 -4 0
1 2 5 0
1 -4 -8 0
1 5 -8 0
-2 4 0
-2 -5 0
-2 -8 0
2 8 0
3 0
-4 -5 0
4 5 0
4 8 0
-5 8 0
-6 0
7 0
