p dnf 20 0
-1 -2 -4 -8 -9 -10 -12 -13 -14 -15 -16 -17 -18 -19 -20 0
