p dnf 20 0
-1 -2 -3 -4 -6 -7 -11 -12 -13 -14 -16 -17 -18 -19 -20 0
