p dnf 8 0
1 0
2 0
3 0
4 -5 0
4 6 0
4 7 0
-5 -6 0
-5 -7 0
5 6 0
5 7 0
-6 7 0
6 -7 0
8 0
