p dnf 20 0
-1 -2 -3 -4 -5 -6 -7 -8 -9 -10 -11 12 -15 -17 -18 -19 -20 0
-1 -2 -3 -4 -5 -6 -7 -8 -9 -10 -11 -13 -15 -17 -18 -19 -20 0
-1 -2 -3 -4 -5 -6 -7 -8 -9 -10 -11 14 -15 -17 -18 -19 -20 0
-1 -2 -3 -4 -5 -6 -7 -8 -9 -10 -11 -15 16 -17 -18 -19 -20 0
-1 -3 -4 -5 -6 -7 -8 -9 -10 -11 -12 -13 -15 -17 -18 -19 -20 0
-1 -3 -4 -5 -6 -7 -8 -9 -10 -11 -12 14 -15 -17 -18 -19 -20 0
-1 -3 -4 -5 -6 -7 -8 -9 -10 -11 -12 -15 16 -17 -18 -19 -20 0
-1 -3 -4 -5 -6 -7 -8 -9 -10 -11 12 13 -15 -17 -18 -19 -20 0
-1 -3 -4 -5 -6 -7 -8 -9 -10 -11 12 -14 -15 -17 -18 -19 -20 0
-1 -3 -4 -5 -6 -7 -8 -9 -10 -11 12 -15 -16 -17 -18 -19 -20 0
-1 -3 -4 -5 -6 -7 -8 -9 -10 -11 -13 -14 -15 -17 -18 -19 -20 0
-1 -3 -4 -5 -6 -7 -8 -9 -10 -11 -13 -15 -16 -17 -18 -19 -20 0
-1 -3 -4 -5 -6 -7 -8 -9 -10 -11 13 14 -15 -17 -18 -19 -20 0
-1 -3 -4 -5 -6 -7 -8 -9 -10 -11 13 -15 16 -17 -18 -19 -20 0
-1 -3 -4 -5 -6 -7 -8 -9 -10 -11 -14 -15 16 -17 -18 -19 -20 0
-1 -3 -4 -5 -6 -7 -8 -9 -10 -11 14 -15 -16 -17 -18 -19 -20 0
