p dnf 8 0
1 0
-2 -4 0
-2 5 0
-2 7 0
2 -3 0
2 4 0
2 -5 0
2 -7 0
-3 -4 0
-3 5 0
-3 7 0
-4 -5 0
-4 -7 0
4 5 0
4 7 0
-5 7 0
5 -7 0
-6 0
8 0
